[backblue.gif]
[fade.gif]
[index.html]
[www.ltu.se/img/favicon-16x16.png]
[www.ltu.se/img/favicon-32x32.png]
[www.ltu.se/img/favicon-96x96.png]
[www.ltu.se/img/iphone-retina.png]
[www.ltu.se/img/iphone-plus.png]
[www.ltu.se/img/ipad-retina.png]
[www.ltu.se/img/ipad-pro.png]
[consent.cookiebot.com/uc.js]
[www.ltu.se/dist/style.53ff329023abe21efbd3.dist.css]
[customer.cludo.com/assets/2335/10718/cludo-search.min.css]
[www.ltu.se/edu/program/TMUTA/stil-ltu-se-7d7b3.css]
[www.ltu.se/edu/program/TMUTA/utb-med-eu-72c7f.css]
[www.ltu.se/easyrec-web/api-js/easyrec.js]
[www.ltu.se/js/ltu/easyrec_helper.js]
[www.google-analytics.com/analytics.js]
[connect.facebook.net/en_US/sdk.js]
[www.ltu.se/img/l.png]
[www.ltu.se/cms_fs/1.214556!/image/MOOC.png_gen/derivatives/teaser_main/MOOC.png]
[www.ltu.se/cms_fs/1.216461!/image/LTU_LKAB-mostrom-bbk-WEBB.jpg_gen/derivatives/teaser_main/LTU_LKAB-mostrom-bbk-WEBB.jpg]
[www.ltu.se/cms_fs/1.144483!/image/iStock_000060020934_Large.jpg_gen/derivatives/landscape_fullwidth_16x9/iStock_000060020934_Large.jpg]
[www.ltu.se/img/cirkel-icon.png]
[www.ltu.se/img/utbplan-icon.png]
[www.ltu.se/cms_fs/1.163769!/image/fragetecken_icon.jpg_gen/derivatives/landscape_522/fragetecken_icon.jpg]
[www.ltu.se/cms_fs/1.12328!/img/img/JohanOdeliusHigh.jpg_gen/derivatives/teaser_main_350/JohanOdeliusHigh.jpg]
[www.ltu.se/dist/edu.53ff329023abe21efbd3.dist.js]
[cdn.polyfill.io/v2/polyfill0979.js]
[www.ltu.se/js/ltu/flickity.min.js]
[www.ltu.se/js/ltu/jquery-3.1.1.min.js]
[www.ltu.se/js/ltu/rs_embhl-en.min.js]
[www.ltu.se/dist/ltu.53ff329023abe21efbd3.dist.js]
[platform.linkedin.com/inef14.js]
[customer.cludo.com/assets/2335/10718/cludo-search.min.js]
[customer.cludo.com/scripts/bundles/search-script.min.js]
[siteimproveanalytics.com/js/siteanalyze_7574.js]
[www.ltu.se/edu/program/TMUTA/TMUTA-Underhallsteknik-master-18588.html]
[www.ltu.se/edu/program/TMUTA/TMUTA-Underhallsteknik-master-1.html]
[www.ltu.se/dist/2e41ee7b30ad65169ac786505a9865a8.png]
[www.ltu.se/dist/a626f9d4a633ee49154e6f12fa1256d9.jpg]
[www.ltu.se/dist/16b39d7c453848259dc0ccf4dcbbcf26.jpg]
[www.ltu.se/dist/1630b9a2bce1ba68dbad6dec2c5bceb8.jpg]
[www.ltu.se/dist/d4b03e06f6598b623137ce51b3a01931.jpg]
[www.ltu.se/dist/style.53ff329023abe21efbd3.dist.css]
[customer.cludo.com/img/nobg-black.png]
[customer.cludo.com/assets/2335/10718/cludo-search.min.css]
[www.ltu.se/edu/program/TMUTA/stil-ltu-se-7d7b3.css]
[www.ltu.se/edu/program/TMUTA/utb-med-eu-72c7f.css]
[www.ltu.se/edu/program/TMUTA/linkid.html]
[connect.facebook.net/en_US/sdk.js]
[www.ltu.se/edu/program/TMUTA/TMUTA-Underhallsteknik-master-1d8cc.html]
[www.ltu.se/edu/program/TMUTA/stil-ltu-se-7852f.css]
[www.ltu.se/edu/program/TMUTA/utb-med-eu-77614.css]
[www.ltu.se/cms_fs/1.213443!/image/kort.jpg_gen/derivatives/teaser_main/kort.jpg]
[www.ltu.se/edu/program/TMUTA/TMUTA-Underhallsteknik-master-13255.html]
[www.ltu.se/edu/program/TMUTA/program-overviewd8cc.html]
[www.ltu.se/edu/program/TMUTA/programme-syllabusd8cc.html]
[www.ltu.se/js/ltu/rs_embhl-sv.min.js]
[www.ltu.se/edu/program/TMUTA/programme-syllabus/Compulsory-coursesd8cc.html]
[www.ltu.se/edu/program/TMUTA/programme-syllabus/study-scheduled8cc.html]
[www.ltu.se/edu/program/TMUTA/Mot-oss-pa-en-virtuell-massa-Study-in-Sweden/stil-ltu-se-7d7b3.css]
[www.ltu.se/edu/program/TMUTA/Mot-oss-pa-en-virtuell-massa-Study-in-Sweden/utb-med-eu-72c7f.css]
[www.ltu.se/cms_fs/1.224080!/image/LTU-Monter-2022.jpg_gen/derivatives/landscape_fullwidth/LTU-Monter-2022.jpg]
[www.ltu.se/edu/program/TMUTA/Mot-oss-pa-en-virtuell-massa-Study-in-Swedend8cc.html]
[www.ltu.se/edu/program/TMUTA/Mot-oss-pa-en-virtuell-massa-Postgrad-Live/stil-ltu-se-7d7b3.css]
[www.ltu.se/edu/program/TMUTA/Mot-oss-pa-en-virtuell-massa-Postgrad-Live/utb-med-eu-72c7f.css]
[www.ltu.se/cms_fs/1.224107!/image/Postgrad-2022.jpg_gen/derivatives/landscape_fullwidth/Postgrad-2022.jpg]
[www.ltu.se/cms_fs/1.190391!/image/Professor Michael Försth 2014 LTU.jpg_gen/derivatives/teaser_main_350/Professor Michael Försth 2014 LTU.jpg]
[www.ltu.se/edu/program/TMUTA/Mot-oss-pa-en-virtuell-massa-Postgrad-Lived8cc.html]
[www.ltu.se/edu/program/TMUTA/De-globala-malen/stil-ltu-se-7d7b3.css]
[www.ltu.se/edu/program/TMUTA/De-globala-malen/utb-med-eu-72c7f.css]
[www.ltu.se/cms_fs/1.215601!/image/U_globala-mal_ENG.jpg_gen/derivatives/landscape_fullwidth/U_globala-mal_ENG.jpg]
[www.ltu.se/edu/program/TMUTA/De-globala-malend8cc.html]
[www.ltu.se/edu/program/TMUTA/Fadderforetag/stil-ltu-se-7d7b3.css]
[www.ltu.se/edu/program/TMUTA/Fadderforetag/utb-med-eu-72c7f.css]
[www.ltu.se/edu/program/TMUTA/Fadderforetagd8cc.html]
[www.ltu.se/edu/program/TMUTA/Mot-en-student/stil-ltu-se-7d7b3.css]
[www.ltu.se/edu/program/TMUTA/Mot-en-student/utb-med-eu-72c7f.css]
[www.ltu.se/cms_fs/1.197776!/image/IMG_20200417_001946.jpg_gen/derivatives/landscape_fullwidth/IMG_20200417_001946.jpg]
[www.ltu.se/edu/program/TMUTA/Mot-en-studentd8cc.html]
[www.ltu.se/edu/program/TMUTA/Mot-en-larare/stil-ltu-se-7d7b3.css]
[www.ltu.se/edu/program/TMUTA/Mot-en-larare/utb-med-eu-72c7f.css]
[www.ltu.se/cms_fs/1.161853!/image/Underhallsdagar-LTU-2017-02.JPG_gen/derivatives/landscape_fullwidth/Underhallsdagar-LTU-2017-02.jpg]
[www.ltu.se/edu/program/TMUTA/Mot-en-larared8cc.html]
[www.ltu.se/edu/program/TMUTA/Se-film/stil-ltu-se-7d7b3.css]
[www.ltu.se/edu/program/TMUTA/Se-film/utb-med-eu-72c7f.css]
[www.ltu.se/edu/program/TMUTA/Se-filmd8cc.html]
[www.ltu.se/edu/program/TMUTA/Karriar-och-framtid/stil-ltu-se-7d7b3.css]
[www.ltu.se/edu/program/TMUTA/Karriar-och-framtid/utb-med-eu-72c7f.css]
[www.ltu.se/edu/program/TMUTA/Karriar-och-framtidd8cc.html]
[www.ltu.se/edu/program/TMUTA/contacts/stil-ltu-se-7d7b3.css]
[www.ltu.se/edu/program/TMUTA/contacts/utb-med-eu-72c7f.css]
[www.ltu.se/edu/program/TMUTA/contactsd8cc.html]
[www.ltu.se/edu/program/TMUTA/TMUTA-Underhallsteknik-master-1cf41.html]
[www.ltu.se/edu/program/TMUTA/TMUTA-Underhallsteknik-master-1d025.html]
[www.ltu.se/edu/program/TMUTA/programme-syllabus5225.html]
[www.ltu.se/edu/program/TMUTA/GET.html]
[www.ltu.se/dist/25a32416abee198dd821b0b17a198a8f.html]
[www.ltu.se/dist/25a32416abee198dd821b0b17a198a8fd41d.html]
[www.ltu.se/dist/e6cf7c6ec7c2d6f670ae9d762604cb0b.html]
[www.ltu.se/dist/c8ddf1e5e5bf3682bc7bebf30f394148.html]
[www.ltu.se/dist/1dc35d25e61d819a9c357074014867ab.html]
[www.ltu.se/dist/d7c639084f684d66a1bc66855d193ed8.html]
[www.ltu.se/dist/a8b161eaaf748881f54dc9022296c461d41d.html]
[www.ltu.se/dist/dda3c3ea0f87ccd033ee8ee4e6a211f4.html]
[www.ltu.se/dist/1c094344341a233f6bf71844f8866f45.html]
[www.ltu.se/dist/782d8f9b5a1e7565304d1b406814da76.html]
[www.ltu.se/dist/4a0cddd12570dc7df5dcb66113292f5a.html]
[www.ltu.se/dist/2274a8945785d241a8c4421d7cef761ad41d.html]
[www.ltu.se/dist/c405a056ea0eddc456d70525b1a567ed.html]
[www.ltu.se/dist/908036a04e2d5887f73eabf408a59d77.html]
[www.ltu.se/dist/897c7e852b64a57601115b4b4b49b8c2.html]
[www.ltu.se/dist/cf3ed51ead09f191629570d55c9836bd.html]
[www.ltu.se/dist/716a92997345303df68b451e33a444e0d41d.html]
[www.ltu.se/dist/175966adf4329b52f730efa26f76deae.html]
[www.ltu.se/dist/b49e235f336ad7237b5703707d53a1fe.html]
[www.ltu.se/dist/bdda4dbd017cac3c58963ac51d2428ba.html]
[www.ltu.se/dist/83ffe474c23bb0b74bb13a7a4bcd48e1.html]
[www.ltu.se/dist/e1b227cb184cf555604182db7137f141d41d.html]
[www.ltu.se/dist/c78b522a399a713e48fa6260b3b93dd8.html]
[www.ltu.se/dist/b9941070576484218390383cef6dc07d.html]
[www.ltu.se/dist/b31433a9ef5ce48c981c24920afe09b9.html]
[www.ltu.se/dist/379c0ce81cda3f10a64de55570afbb94.html]
[www.ltu.se/dist/7176dc59f92fb7c2ecef22946ca9fa22d41d.html]
[www.ltu.se/dist/559085b8e623355eb787b98551d0364a.html]
[www.ltu.se/dist/a4727fbb6f6cc66cd3ebc6b07b767df4.html]
[www.ltu.se/dist/9ca9ac5a48190436b33717f31e5fa575.html]
[www.ltu.se/dist/102afb7088a4ad73cdff900803dfa905.html]
[www.ltu.se/edu/program/TMUTA/TMUTA-Underhallsteknik-master-2.html]
[www.ltu.se/edu/program/TMUTA/TMUTA-Underhallsteknik-master-1b6a5.html]
[www.ltu.se/edu/program/TMUTA/TMUTA-Underhallsteknik-master-1a1a4.html]
[www.ltu.se/edu/program/TMUTA/stil-ltu-se-7852f.css]
[www.ltu.se/edu/program/TMUTA/utb-med-eu-77614.css]
[www.ltu.se/edu/program/TMUTA/program-overview.html]
[www.ltu.se/edu/program/TMUTA/programme-syllabus.html]
[www.ltu.se/edu/program/TMUTA/programme-syllabus/Compulsory-courses.html]
[www.ltu.se/edu/program/TMUTA/programme-syllabus/study-schedule.html]
[www.ltu.se/edu/program/TMUTA/Mot-oss-pa-en-virtuell-massa-Study-in-Sweden/stil-ltu-se-7852f.css]
[www.ltu.se/edu/program/TMUTA/Mot-oss-pa-en-virtuell-massa-Study-in-Sweden/utb-med-eu-77614.css]
[www.ltu.se/edu/program/TMUTA/Mot-oss-pa-en-virtuell-massa-Study-in-Sweden.html]
[www.ltu.se/edu/program/TMUTA/Mot-oss-pa-en-virtuell-massa-Postgrad-Live/stil-ltu-se-7852f.css]
[www.ltu.se/edu/program/TMUTA/Mot-oss-pa-en-virtuell-massa-Postgrad-Live/utb-med-eu-77614.css]
[www.ltu.se/edu/program/TMUTA/Mot-oss-pa-en-virtuell-massa-Postgrad-Live.html]
[www.ltu.se/edu/program/TMUTA/De-globala-malen/stil-ltu-se-7852f.css]
[www.ltu.se/edu/program/TMUTA/De-globala-malen/utb-med-eu-77614.css]
[www.ltu.se/cms_fs/1.215182!/image/Underhållsteknik_globala-mal_SWE.jpg_gen/derivatives/landscape_fullwidth/Underhållsteknik_globala-mal_SWE.jpg]
[www.ltu.se/edu/program/TMUTA/De-globala-malen.html]
[www.ltu.se/edu/program/TMUTA/Fadderforetag/stil-ltu-se-7852f.css]
[www.ltu.se/edu/program/TMUTA/Fadderforetag/utb-med-eu-77614.css]
[www.ltu.se/edu/program/TMUTA/Fadderforetag.html]
[www.ltu.se/edu/program/TMUTA/Mot-en-student/stil-ltu-se-7852f.css]
[www.ltu.se/edu/program/TMUTA/Mot-en-student/utb-med-eu-77614.css]
[www.ltu.se/edu/program/TMUTA/Mot-en-student.html]
[www.ltu.se/edu/program/TMUTA/Mot-en-larare/stil-ltu-se-7852f.css]
[www.ltu.se/edu/program/TMUTA/Mot-en-larare/utb-med-eu-77614.css]
[www.ltu.se/edu/program/TMUTA/Mot-en-larare.html]
[www.ltu.se/edu/program/TMUTA/Se-film/stil-ltu-se-7852f.css]
[www.ltu.se/edu/program/TMUTA/Se-film/utb-med-eu-77614.css]
[www.ltu.se/edu/program/TMUTA/Se-film.html]
[www.ltu.se/edu/program/TMUTA/Karriar-och-framtid/stil-ltu-se-7852f.css]
[www.ltu.se/edu/program/TMUTA/Karriar-och-framtid/utb-med-eu-77614.css]
[www.ltu.se/edu/program/TMUTA/Karriar-och-framtid.html]
[www.ltu.se/edu/program/TMUTA/contacts/stil-ltu-se-7852f.css]
[www.ltu.se/edu/program/TMUTA/contacts/utb-med-eu-77614.css]
[www.ltu.se/edu/program/TMUTA/contacts.html]
[www.ltu.se/edu/program/TMUTA/TMUTA-Underhallsteknik-master-15d06.html]
[www.ltu.se/edu/program/TMUTA/TMUTA-Underhallsteknik-master-11acc.html]
[www.ltu.se/edu/program/TMUTA/programme-syllabus33a0.html]
[www.ltu.se/edu/program/TMUTA/programme-syllabus/study-schedule33a0.html]
[www.ltu.se/edu/program/TMUTA/Mot-oss-pa-en-virtuell-massa-Study-in-Sweden/stil-ltu-se-7d7b3.css]
[www.ltu.se/edu/program/TMUTA/Mot-oss-pa-en-virtuell-massa-Study-in-Sweden/utb-med-eu-72c7f.css]
[www.ltu.se/edu/program/TMUTA/Mot-oss-pa-en-virtuell-massa-Postgrad-Live/stil-ltu-se-7d7b3.css]
[www.ltu.se/edu/program/TMUTA/Mot-oss-pa-en-virtuell-massa-Postgrad-Live/utb-med-eu-72c7f.css]
[www.ltu.se/edu/program/TMUTA/De-globala-malen/stil-ltu-se-7d7b3.css]
[www.ltu.se/edu/program/TMUTA/De-globala-malen/utb-med-eu-72c7f.css]
[www.ltu.se/edu/program/TMUTA/Fadderforetag/stil-ltu-se-7d7b3.css]
[www.ltu.se/edu/program/TMUTA/Fadderforetag/utb-med-eu-72c7f.css]
[www.ltu.se/edu/program/TMUTA/Mot-en-student/stil-ltu-se-7d7b3.css]
[www.ltu.se/edu/program/TMUTA/Mot-en-student/utb-med-eu-72c7f.css]
[www.ltu.se/edu/program/TMUTA/Mot-en-larare/stil-ltu-se-7d7b3.css]
[www.ltu.se/edu/program/TMUTA/Mot-en-larare/utb-med-eu-72c7f.css]
[www.ltu.se/edu/program/TMUTA/Se-film/stil-ltu-se-7d7b3.css]
[www.ltu.se/edu/program/TMUTA/Se-film/utb-med-eu-72c7f.css]
[www.ltu.se/edu/program/TMUTA/Karriar-och-framtid/stil-ltu-se-7d7b3.css]
[www.ltu.se/edu/program/TMUTA/Karriar-och-framtid/utb-med-eu-72c7f.css]
[www.ltu.se/cms_fs/1.142521!/image/IMG_0315.JPG_gen/derivatives/landscape_fullwidth_16x9/IMG_0315.jpg]
[www.ltu.se/cms_fs/1.142520!/image/IMG_0313.JPG_gen/derivatives/landscape_fullwidth_16x9/IMG_0313.jpg]
[www.ltu.se/cms_fs/1.142519!/image/IMG_0311.JPG_gen/derivatives/landscape_fullwidth_16x9/IMG_0311.jpg]
[www.ltu.se/cms_fs/1.142518!/image/IMG_0310.JPG_gen/derivatives/landscape_fullwidth_16x9/IMG_0310.jpg]
[www.ltu.se/cms_fs/1.142515!/image/IMG_0309.JPG_gen/derivatives/landscape_fullwidth_16x9/IMG_0309.jpg]
[www.ltu.se/edu/program/TMUTA/Karriar-och-framtid/Forskare-i-arbete-hos-NASA-1d8cc.html]
[www.ltu.se/edu/program/TMUTA/contacts/stil-ltu-se-7d7b3.css]
[www.ltu.se/edu/program/TMUTA/contacts/utb-med-eu-72c7f.css]
[www.ltu.se/edu/program/TMUTA/TMUTA-Underhallsteknik-master-11b55.html]
[www.ltu.se/edu/program/TMUTA/TMUTA-Underhallsteknik-master-1bb15.html]
[www.ltu.se/edu/program/TMUTA/Mot-oss-pa-en-virtuell-massa-Study-in-Sweden/stil-ltu-se-7852f.css]
[www.ltu.se/edu/program/TMUTA/Mot-oss-pa-en-virtuell-massa-Study-in-Sweden/utb-med-eu-77614.css]
[www.ltu.se/edu/program/TMUTA/Mot-oss-pa-en-virtuell-massa-Postgrad-Live/stil-ltu-se-7852f.css]
[www.ltu.se/edu/program/TMUTA/Mot-oss-pa-en-virtuell-massa-Postgrad-Live/utb-med-eu-77614.css]
[www.ltu.se/edu/program/TMUTA/De-globala-malen/stil-ltu-se-7852f.css]
[www.ltu.se/edu/program/TMUTA/De-globala-malen/utb-med-eu-77614.css]
[www.ltu.se/edu/program/TMUTA/Fadderforetag/stil-ltu-se-7852f.css]
[www.ltu.se/edu/program/TMUTA/Fadderforetag/utb-med-eu-77614.css]
[www.ltu.se/edu/program/TMUTA/Mot-en-student/stil-ltu-se-7852f.css]
[www.ltu.se/edu/program/TMUTA/Mot-en-student/utb-med-eu-77614.css]
[www.ltu.se/edu/program/TMUTA/Mot-en-larare/stil-ltu-se-7852f.css]
[www.ltu.se/edu/program/TMUTA/Mot-en-larare/utb-med-eu-77614.css]
[www.ltu.se/edu/program/TMUTA/Se-film/stil-ltu-se-7852f.css]
[www.ltu.se/edu/program/TMUTA/Se-film/utb-med-eu-77614.css]
[www.ltu.se/edu/program/TMUTA/Karriar-och-framtid/stil-ltu-se-7852f.css]
[www.ltu.se/edu/program/TMUTA/Karriar-och-framtid/utb-med-eu-77614.css]
[www.ltu.se/edu/program/TMUTA/Karriar-och-framtid/Forskare-i-arbete-hos-NASA-1.html]
[www.ltu.se/edu/program/TMUTA/contacts/stil-ltu-se-7852f.css]
[www.ltu.se/edu/program/TMUTA/contacts/utb-med-eu-77614.css]
[www.ltu.se/edu/program/TMUTA/Karriar-och-framtid/linkid.html]
[www.ltu.se/edu/program/TMUTA/Karriar-och-framtid/GET.html]
